{"deviceId":"demo-1","timestamp":"2025-01-01T00:00:00Z","temperatureC":22.0,"status":"OK"}
